// Jest Snapshot v1, https://goo.gl/fbAQLP

exports[`the Container component should render correctly 1`] = `
<DocumentFragment>
  <input
    type="text"
  />
</DocumentFragment>
`;
