// Jest Snapshot v1, https://goo.gl/fbAQLP

exports[`The TextBox component should render correctly 1`] = `
<DocumentFragment>
  <div>
    <input
      data-testid="123"
      type="text"
      value=""
    />
  </div>
</DocumentFragment>
`;
